type AuthSignIn = {
    PhoneNumber: string
    PhoneCodeHash: string
    PhoneCode: string
} with

    static member ConstructorId: uint32 = 2371004753u
    static member AliasCids: uint32[] = [||]

    static member Serialize(writer: TlWriteBuffer, value: AuthSignIn) : unit =
        writer.WriteConstructorId(2371004753u)
        writer.WriteString(value.PhoneNumber)
        writer.WriteString(value.PhoneCodeHash)
        writer.WriteString(value.PhoneCode)

    static member DeserializeFields(reader: TlReadBuffer) : AuthSignIn =
        let phoneNumber = reader.ReadString()
        let phoneCodeHash = reader.ReadString()
        let phoneCode = reader.ReadString()

        {
            PhoneNumber = phoneNumber
            PhoneCodeHash = phoneCodeHash
            PhoneCode = phoneCode
        }

    static member Deserialize(body: byte[]) : AuthSignIn =
        use reader = new TlReadBuffer(body)
        let _cid = reader.ReadConstructorId()
        AuthSignIn.DeserializeFields(reader)